[2J[H[2J[H
Bootstrapping algorithm, version 3.67

Settings for this run:
  D      Sequence, Morph, Rest., Gene Freqs?  Molecular sequences
  J  Bootstrap, Jackknife, Permute, Rewrite?  Bootstrap
  %    Regular or altered sampling fraction?  regular
  B      Block size for block-bootstrapping?  1 (regular bootstrap)
  R                     How many replicates?  100
  W              Read weights of characters?  No
  C                Read categories of sites?  No
  S     Write out data sets or just weights?  Data sets
  I             Input sequences interleaved?  Yes
  0      Terminal type (IBM PC, ANSI, none)?  ANSI
  1       Print out the data at start of run  No
  2     Print indications of progress of run  Yes

  Y to accept these or type the letter for one to change



Bootstrapping algorithm, version 3.67

Settings for this run:
  D      Sequence, Morph, Rest., Gene Freqs?  Molecular sequences
  J  Bootstrap, Jackknife, Permute, Rewrite?  Bootstrap
  %    Regular or altered sampling fraction?  regular
  B      Block size for block-bootstrapping?  1 (regular bootstrap)
  R                     How many replicates?  100
  W              Read weights of characters?  No
  C                Read categories of sites?  No
  S     Write out data sets or just weights?  Data sets
  I             Input sequences interleaved?  Yes
  0      Terminal type (IBM PC, ANSI, none)?  (none)
  1       Print out the data at start of run  No
  2     Print indications of progress of run  Yes

  Y to accept these or type the letter for one to change
Number of replicates?



Bootstrapping algorithm, version 3.67

Settings for this run:
  D      Sequence, Morph, Rest., Gene Freqs?  Molecular sequences
  J  Bootstrap, Jackknife, Permute, Rewrite?  Bootstrap
  %    Regular or altered sampling fraction?  regular
  B      Block size for block-bootstrapping?  1 (regular bootstrap)
  R                     How many replicates?  10
  W              Read weights of characters?  No
  C                Read categories of sites?  No
  S     Write out data sets or just weights?  Data sets
  I             Input sequences interleaved?  Yes
  0      Terminal type (IBM PC, ANSI, none)?  (none)
  1       Print out the data at start of run  No
  2     Print indications of progress of run  Yes

  Y to accept these or type the letter for one to change
Random number seed (must be odd)?

completed replicate number    1
completed replicate number    2
completed replicate number    3
completed replicate number    4
completed replicate number    5
completed replicate number    6
completed replicate number    7
completed replicate number    8
completed replicate number    9
completed replicate number   10

Output written to file "outfile"

Done.

[2J[H[2J[H
Nucleic acid sequence Distance Matrix program, version 3.67

Settings for this run:
  D  Distance (F84, Kimura, Jukes-Cantor, LogDet)?  F84
  G          Gamma distributed rates across sites?  No
  T                 Transition/transversion ratio?  2.0
  C            One category of substitution rates?  Yes
  W                         Use weights for sites?  No
  F                Use empirical base frequencies?  Yes
  L                       Form of distance matrix?  Square
  M                    Analyze multiple data sets?  No
  I                   Input sequences interleaved?  Yes
  0            Terminal type (IBM PC, ANSI, none)?  ANSI
  1             Print out the data at start of run  No
  2           Print indications of progress of run  Yes

  Y to accept these or type the letter for one to change



Nucleic acid sequence Distance Matrix program, version 3.67

Settings for this run:
  D  Distance (F84, Kimura, Jukes-Cantor, LogDet)?  F84
  G          Gamma distributed rates across sites?  No
  T                 Transition/transversion ratio?  2.0
  C            One category of substitution rates?  Yes
  W                         Use weights for sites?  No
  F                Use empirical base frequencies?  Yes
  L                       Form of distance matrix?  Square
  M                    Analyze multiple data sets?  No
  I                   Input sequences interleaved?  Yes
  0            Terminal type (IBM PC, ANSI, none)?  (none)
  1             Print out the data at start of run  No
  2           Print indications of progress of run  Yes

  Y to accept these or type the letter for one to change
Multiple data sets or multiple weights? (type D or W)
How many data sets?



Nucleic acid sequence Distance Matrix program, version 3.67

Settings for this run:
  D  Distance (F84, Kimura, Jukes-Cantor, LogDet)?  F84
  G          Gamma distributed rates across sites?  No
  T                 Transition/transversion ratio?  2.0
  C            One category of substitution rates?  Yes
  W                         Use weights for sites?  No
  F                Use empirical base frequencies?  Yes
  L                       Form of distance matrix?  Square
  M                    Analyze multiple data sets?  Yes, 10 data sets
  I                   Input sequences interleaved?  Yes
  0            Terminal type (IBM PC, ANSI, none)?  (none)
  1             Print out the data at start of run  No
  2           Print indications of progress of run  Yes

  Y to accept these or type the letter for one to change
Data set # 1:

Distances calculated for species
    F_75         ..............................................
    F_66         .............................................
    F_67         ............................................
    F_68         ...........................................
    F_61         ..........................................
    F_1_MP99     .........................................
    F_9_MU100    ........................................
    F_47_MU      .......................................
    F_59_MP100   ......................................
    F_52_MP99    .....................................
    MP           ....................................
    MB           ...................................
    ML           ..................................
    MS           .................................
    MU           ................................
    F_5_TZ97     ...............................
    F_7_HM97_L   ..............................
    F_14_RB98    .............................
    F_20_HM97    ............................
    F_30_DC97_   ...........................
    F_38_SH99    ..........................
    F_40_HM97_   .........................
    F_57_TZ98_   ........................
    F_58_UC100   .......................
    F_76_FB100   ......................
    F_82_Sp98_   .....................
    F_85_GP100   ....................
    F_86_HB100   ...................
    F_89_SH98    ..................
    F_96_RB97_   .................
    TZ           ................
    DS           ...............
    HM           ..............
    LA           .............
    RB           ............
    DC           ...........
    AO           ..........
    SH           .........
    Sp           ........
    UC           .......
    FB           ......
    HB           .....
    GP           ....
    MJana        ...
    MSarc        ..
    GeoB         .
    HaloB     

Distances written to file "outfile"

Data set # 2:

Distances calculated for species
    F_75         ..............................................
    F_66         .............................................
    F_67         ............................................
    F_68         ...........................................
    F_61         ..........................................
    F_1_MP99     .........................................
    F_9_MU100    ........................................
    F_47_MU      .......................................
    F_59_MP100   ......................................
    F_52_MP99    .....................................
    MP           ....................................
    MB           ...................................
    ML           ..................................
    MS           .................................
    MU           ................................
    F_5_TZ97     ...............................
    F_7_HM97_L   ..............................
    F_14_RB98    .............................
    F_20_HM97    ............................
    F_30_DC97_   ...........................
    F_38_SH99    ..........................
    F_40_HM97_   .........................
    F_57_TZ98_   ........................
    F_58_UC100   .......................
    F_76_FB100   ......................
    F_82_Sp98_   .....................
    F_85_GP100   ....................
    F_86_HB100   ...................
    F_89_SH98    ..................
    F_96_RB97_   .................
    TZ           ................
    DS           ...............
    HM           ..............
    LA           .............
    RB           ............
    DC           ...........
    AO           ..........
    SH           .........
    Sp           ........
    UC           .......
    FB           ......
    HB           .....
    GP           ....
    MJana        ...
    MSarc        ..
    GeoB         .
    HaloB     

Distances written to file "outfile"

Data set # 3:

Distances calculated for species
    F_75         ..............................................
    F_66         .............................................
    F_67         ............................................
    F_68         ...........................................
    F_61         ..........................................
    F_1_MP99     .........................................
    F_9_MU100    ........................................
    F_47_MU      .......................................
    F_59_MP100   ......................................
    F_52_MP99    .....................................
    MP           ....................................
    MB           ...................................
    ML           ..................................
    MS           .................................
    MU           ................................
    F_5_TZ97     ...............................
    F_7_HM97_L   ..............................
    F_14_RB98    .............................
    F_20_HM97    ............................
    F_30_DC97_   ...........................
    F_38_SH99    ..........................
    F_40_HM97_   .........................
    F_57_TZ98_   ........................
    F_58_UC100   .......................
    F_76_FB100   ......................
    F_82_Sp98_   .....................
    F_85_GP100   ....................
    F_86_HB100   ...................
    F_89_SH98    ..................
    F_96_RB97_   .................
    TZ           ................
    DS           ...............
    HM           ..............
    LA           .............
    RB           ............
    DC           ...........
    AO           ..........
    SH           .........
    Sp           ........
    UC           .......
    FB           ......
    HB           .....
    GP           ....
    MJana        ...
    MSarc        ..
    GeoB         .
    HaloB     

Distances written to file "outfile"

Data set # 4:

Distances calculated for species
    F_75         ..............................................
    F_66         .............................................
    F_67         ............................................
    F_68         ...........................................
    F_61         ..........................................
    F_1_MP99     .........................................
    F_9_MU100    ........................................
    F_47_MU      .......................................
    F_59_MP100   ......................................
    F_52_MP99    .....................................
    MP           ....................................
    MB           ...................................
    ML           ..................................
    MS           .................................
    MU           ................................
    F_5_TZ97     ...............................
    F_7_HM97_L   ..............................
    F_14_RB98    .............................
    F_20_HM97    ............................
    F_30_DC97_   ...........................
    F_38_SH99    ..........................
    F_40_HM97_   .........................
    F_57_TZ98_   ........................
    F_58_UC100   .......................
    F_76_FB100   ......................
    F_82_Sp98_   .....................
    F_85_GP100   ....................
    F_86_HB100   ...................
    F_89_SH98    ..................
    F_96_RB97_   .................
    TZ           ................
    DS           ...............
    HM           ..............
    LA           .............
    RB           ............
    DC           ...........
    AO           ..........
    SH           .........
    Sp           ........
    UC           .......
    FB           ......
    HB           .....
    GP           ....
    MJana        ...
    MSarc        ..
    GeoB         .
    HaloB     

Distances written to file "outfile"

Data set # 5:

Distances calculated for species
    F_75         ..............................................
    F_66         .............................................
    F_67         ............................................
    F_68         ...........................................
    F_61         ..........................................
    F_1_MP99     .........................................
    F_9_MU100    ........................................
    F_47_MU      .......................................
    F_59_MP100   ......................................
    F_52_MP99    .....................................
    MP           ....................................
    MB           ...................................
    ML           ..................................
    MS           .................................
    MU           ................................
    F_5_TZ97     ...............................
    F_7_HM97_L   ..............................
    F_14_RB98    .............................
    F_20_HM97    ............................
    F_30_DC97_   ...........................
    F_38_SH99    ..........................
    F_40_HM97_   .........................
    F_57_TZ98_   ........................
    F_58_UC100   .......................
    F_76_FB100   ......................
    F_82_Sp98_   .....................
    F_85_GP100   ....................
    F_86_HB100   ...................
    F_89_SH98    ..................
    F_96_RB97_   .................
    TZ           ................
    DS           ...............
    HM           ..............
    LA           .............
    RB           ............
    DC           ...........
    AO           ..........
    SH           .........
    Sp           ........
    UC           .......
    FB           ......
    HB           .....
    GP           ....
    MJana        ...
    MSarc        ..
    GeoB         .
    HaloB     

Distances written to file "outfile"

Data set # 6:

Distances calculated for species
    F_75         ..............................................
    F_66         .............................................
    F_67         ............................................
    F_68         ...........................................
    F_61         ..........................................
    F_1_MP99     .........................................
    F_9_MU100    ........................................
    F_47_MU      .......................................
    F_59_MP100   ......................................
    F_52_MP99    .....................................
    MP           ....................................
    MB           ...................................
    ML           ..................................
    MS           .................................
    MU           ................................
    F_5_TZ97     ...............................
    F_7_HM97_L   ..............................
    F_14_RB98    .............................
    F_20_HM97    ............................
    F_30_DC97_   ...........................
    F_38_SH99    ..........................
    F_40_HM97_   .........................
    F_57_TZ98_   ........................
    F_58_UC100   .......................
    F_76_FB100   ......................
    F_82_Sp98_   .....................
    F_85_GP100   ....................
    F_86_HB100   ...................
    F_89_SH98    ..................
    F_96_RB97_   .................
    TZ           ................
    DS           ...............
    HM           ..............
    LA           .............
    RB           ............
    DC           ...........
    AO           ..........
    SH           .........
    Sp           ........
    UC           .......
    FB           ......
    HB           .....
    GP           ....
    MJana        ...
    MSarc        ..
    GeoB         .
    HaloB     

Distances written to file "outfile"

Data set # 7:

Distances calculated for species
    F_75         ..............................................
    F_66         .............................................
    F_67         ............................................
    F_68         ...........................................
    F_61         ..........................................
    F_1_MP99     .........................................
    F_9_MU100    ........................................
    F_47_MU      .......................................
    F_59_MP100   ......................................
    F_52_MP99    .....................................
    MP           ....................................
    MB           ...................................
    ML           ..................................
    MS           .................................
    MU           ................................
    F_5_TZ97     ...............................
    F_7_HM97_L   ..............................
    F_14_RB98    .............................
    F_20_HM97    ............................
    F_30_DC97_   ...........................
    F_38_SH99    ..........................
    F_40_HM97_   .........................
    F_57_TZ98_   ........................
    F_58_UC100   .......................
    F_76_FB100   ......................
    F_82_Sp98_   .....................
    F_85_GP100   ....................
    F_86_HB100   ...................
    F_89_SH98    ..................
    F_96_RB97_   .................
    TZ           ................
    DS           ...............
    HM           ..............
    LA           .............
    RB           ............
    DC           ...........
    AO           ..........
    SH           .........
    Sp           ........
    UC           .......
    FB           ......
    HB           .....
    GP           ....
    MJana        ...
    MSarc        ..
    GeoB         .
    HaloB     

Distances written to file "outfile"

Data set # 8:

Distances calculated for species
    F_75         ..............................................
    F_66         .............................................
    F_67         ............................................
    F_68         ...........................................
    F_61         ..........................................
    F_1_MP99     .........................................
    F_9_MU100    ........................................
    F_47_MU      .......................................
    F_59_MP100   ......................................
    F_52_MP99    .....................................
    MP           ....................................
    MB           ...................................
    ML           ..................................
    MS           .................................
    MU           ................................
    F_5_TZ97     ...............................
    F_7_HM97_L   ..............................
    F_14_RB98    .............................
    F_20_HM97    ............................
    F_30_DC97_   ...........................
    F_38_SH99    ..........................
    F_40_HM97_   .........................
    F_57_TZ98_   ........................
    F_58_UC100   .......................
    F_76_FB100   ......................
    F_82_Sp98_   .....................
    F_85_GP100   ....................
    F_86_HB100   ...................
    F_89_SH98    ..................
    F_96_RB97_   .................
    TZ           ................
    DS           ...............
    HM           ..............
    LA           .............
    RB           ............
    DC           ...........
    AO           ..........
    SH           .........
    Sp           ........
    UC           .......
    FB           ......
    HB           .....
    GP           ....
    MJana        ...
    MSarc        ..
    GeoB         .
    HaloB     

Distances written to file "outfile"

Data set # 9:

Distances calculated for species
    F_75         ..............................................
    F_66         .............................................
    F_67         ............................................
    F_68         ...........................................
    F_61         ..........................................
    F_1_MP99     .........................................
    F_9_MU100    ........................................
    F_47_MU      .......................................
    F_59_MP100   ......................................
    F_52_MP99    .....................................
    MP           ....................................
    MB           ...................................
    ML           ..................................
    MS           .................................
    MU           ................................
    F_5_TZ97     ...............................
    F_7_HM97_L   ..............................
    F_14_RB98    .............................
    F_20_HM97    ............................
    F_30_DC97_   ...........................
    F_38_SH99    ..........................
    F_40_HM97_   .........................
    F_57_TZ98_   ........................
    F_58_UC100   .......................
    F_76_FB100   ......................
    F_82_Sp98_   .....................
    F_85_GP100   ....................
    F_86_HB100   ...................
    F_89_SH98    ..................
    F_96_RB97_   .................
    TZ           ................
    DS           ...............
    HM           ..............
    LA           .............
    RB           ............
    DC           ...........
    AO           ..........
    SH           .........
    Sp           ........
    UC           .......
    FB           ......
    HB           .....
    GP           ....
    MJana        ...
    MSarc        ..
    GeoB         .
    HaloB     

Distances written to file "outfile"

Data set # 10:

Distances calculated for species
    F_75         ..............................................
    F_66         .............................................
    F_67         ............................................
    F_68         ...........................................
    F_61         ..........................................
    F_1_MP99     .........................................
    F_9_MU100    ........................................
    F_47_MU      .......................................
    F_59_MP100   ......................................
    F_52_MP99    .....................................
    MP           ....................................
    MB           ...................................
    ML           ..................................
    MS           .................................
    MU           ................................
    F_5_TZ97     ...............................
    F_7_HM97_L   ..............................
    F_14_RB98    .............................
    F_20_HM97    ............................
    F_30_DC97_   ...........................
    F_38_SH99    ..........................
    F_40_HM97_   .........................
    F_57_TZ98_   ........................
    F_58_UC100   .......................
    F_76_FB100   ......................
    F_82_Sp98_   .....................
    F_85_GP100   ....................
    F_86_HB100   ...................
    F_89_SH98    ..................
    F_96_RB97_   .................
    TZ           ................
    DS           ...............
    HM           ..............
    LA           .............
    RB           ............
    DC           ...........
    AO           ..........
    SH           .........
    Sp           ........
    UC           .......
    FB           ......
    HB           .....
    GP           ....
    MJana        ...
    MSarc        ..
    GeoB         .
    HaloB     

Distances written to file "outfile"

Done.

